This is pdfTeX, Version 3.141592653-2.6-1.40.29 (MiKTeX 26.5) (preloaded format=pdflatex 2026.6.11)  11 JUN 2026 21:33
entering extended mode
 restricted \write18 enabled.
 %&-line parsing enabled.
**./article.tex
(article.tex
LaTeX2e <2026-06-01>
L3 programming layer <2026-05-26>
(IEEEtran.cls
Document Class: IEEEtran 2015/08/26 V1.8b by Michael Shell
-- See the "IEEEtran_HOWTO" manual for usage information.
-- http://www.michaelshell.org/tex/ieeetran/
\@IEEEtrantmpdimenA=\dimen150
\@IEEEtrantmpdimenB=\dimen151
\@IEEEtrantmpdimenC=\dimen152
\@IEEEtrantmpcountA=\count276
\@IEEEtrantmpcountB=\count277
\@IEEEtrantmpcountC=\count278
\@IEEEtrantmptoksA=\toks17
LaTeX Font Info:    Trying to load font information for OT1+ptm on input line 5
03.
(C:\Users\Pedro Manis\AppData\Local\Programs\MiKTeX\tex/latex/psnfss\ot1ptm.fd
File: ot1ptm.fd 2001/06/04 font definitions for OT1/ptm.
)
-- Using 8.5in x 11in (letter) paper.
-- Using PDF output.
\@IEEEnormalsizeunitybaselineskip=\dimen153
-- This is a 10 point document.
LaTeX Encoding Info:    Redeclaring text command \textunderscore (encoding ?) o
n input line 937.
\CLASSINFOnormalsizebaselineskip=\dimen154
\CLASSINFOnormalsizeunitybaselineskip=\dimen155
\IEEEnormaljot=\dimen156
LaTeX Font Info:    Font shape `OT1/ptm/bx/n' in size <5> not available
(Font)              Font shape `OT1/ptm/b/n' tried instead on input line 1090.
LaTeX Font Info:    Font shape `OT1/ptm/bx/it' in size <5> not available
(Font)              Font shape `OT1/ptm/b/it' tried instead on input line 1090.

LaTeX Font Info:    Font shape `OT1/ptm/bx/n' in size <7> not available
(Font)              Font shape `OT1/ptm/b/n' tried instead on input line 1090.
LaTeX Font Info:    Font shape `OT1/ptm/bx/it' in size <7> not available
(Font)              Font shape `OT1/ptm/b/it' tried instead on input line 1090.

LaTeX Font Info:    Font shape `OT1/ptm/bx/n' in size <8> not available
(Font)              Font shape `OT1/ptm/b/n' tried instead on input line 1090.
LaTeX Font Info:    Font shape `OT1/ptm/bx/it' in size <8> not available
(Font)              Font shape `OT1/ptm/b/it' tried instead on input line 1090.

LaTeX Font Info:    Font shape `OT1/ptm/bx/n' in size <9> not available
(Font)              Font shape `OT1/ptm/b/n' tried instead on input line 1090.
LaTeX Font Info:    Font shape `OT1/ptm/bx/it' in size <9> not available
(Font)              Font shape `OT1/ptm/b/it' tried instead on input line 1090.

LaTeX Font Info:    Font shape `OT1/ptm/bx/n' in size <10> not available
(Font)              Font shape `OT1/ptm/b/n' tried instead on input line 1090.
LaTeX Font Info:    Font shape `OT1/ptm/bx/it' in size <10> not available
(Font)              Font shape `OT1/ptm/b/it' tried instead on input line 1090.

LaTeX Font Info:    Font shape `OT1/ptm/bx/n' in size <11> not available
(Font)              Font shape `OT1/ptm/b/n' tried instead on input line 1090.
LaTeX Font Info:    Font shape `OT1/ptm/bx/it' in size <11> not available
(Font)              Font shape `OT1/ptm/b/it' tried instead on input line 1090.

LaTeX Font Info:    Font shape `OT1/ptm/bx/n' in size <12> not available
(Font)              Font shape `OT1/ptm/b/n' tried instead on input line 1090.
LaTeX Font Info:    Font shape `OT1/ptm/bx/it' in size <12> not available
(Font)              Font shape `OT1/ptm/b/it' tried instead on input line 1090.

LaTeX Font Info:    Font shape `OT1/ptm/bx/n' in size <17> not available
(Font)              Font shape `OT1/ptm/b/n' tried instead on input line 1090.
LaTeX Font Info:    Font shape `OT1/ptm/bx/it' in size <17> not available
(Font)              Font shape `OT1/ptm/b/it' tried instead on input line 1090.

LaTeX Font Info:    Font shape `OT1/ptm/bx/n' in size <20> not available
(Font)              Font shape `OT1/ptm/b/n' tried instead on input line 1090.
LaTeX Font Info:    Font shape `OT1/ptm/bx/it' in size <20> not available
(Font)              Font shape `OT1/ptm/b/it' tried instead on input line 1090.

LaTeX Font Info:    Font shape `OT1/ptm/bx/n' in size <24> not available
(Font)              Font shape `OT1/ptm/b/n' tried instead on input line 1090.
LaTeX Font Info:    Font shape `OT1/ptm/bx/it' in size <24> not available
(Font)              Font shape `OT1/ptm/b/it' tried instead on input line 1090.

\IEEEquantizedlength=\dimen157
\IEEEquantizedlengthdiff=\dimen158
\IEEEquantizedtextheightdiff=\dimen159
\IEEEilabelindentA=\dimen160
\IEEEilabelindentB=\dimen161
\IEEEilabelindent=\dimen162
\IEEEelabelindent=\dimen163
\IEEEdlabelindent=\dimen164
\IEEElabelindent=\dimen165
\IEEEiednormlabelsep=\dimen166
\IEEEiedmathlabelsep=\dimen167
\IEEEiedtopsep=\skip49
\c@section=\count279
\c@subsection=\count280
\c@subsubsection=\count281
\c@paragraph=\count282
\c@IEEEsubequation=\count283
\abovecaptionskip=\skip50
\belowcaptionskip=\skip51
\c@figure=\count284
\c@table=\count285
\@IEEEeqnnumcols=\count286
\@IEEEeqncolcnt=\count287
\@IEEEsubeqnnumrollback=\count288
\@IEEEquantizeheightA=\dimen168
\@IEEEquantizeheightB=\dimen169
\@IEEEquantizeheightC=\dimen170
\@IEEEquantizeprevdepth=\dimen171
\@IEEEquantizemultiple=\count289
\@IEEEquantizeboxA=\box53
\@IEEEtmpitemindent=\dimen172
\IEEEPARstartletwidth=\dimen173
\c@IEEEbiography=\count290
\@IEEEtranrubishbin=\box54
)
** ATTENTION: Overriding command lockouts (line 2).
(C:\Users\Pedro Manis\AppData\Local\Programs\MiKTeX\tex/latex/base\fontenc.sty
Package: fontenc 2025/07/18 v2.1d Standard LaTeX package
LaTeX Font Info:    Trying to load font information for T1+ptm on input line 11
6.

(C:\Users\Pedro Manis\AppData\Local\Programs\MiKTeX\tex/latex/psnfss\t1ptm.fd
File: t1ptm.fd 2001/06/04 font definitions for T1/ptm.
))
(C:\Users\Pedro Manis\AppData\Local\Programs\MiKTeX\tex/latex/base\inputenc.sty
Package: inputenc 2024/02/08 v1.3d Input encoding file
\inpenc@prehook=\toks18
\inpenc@posthook=\toks19
) (C:\Users\Pedro Manis\AppData\Local\Programs\MiKTeX\tex/latex/cite\cite.sty
LaTeX Info: Redefining \cite on input line 302.
LaTeX Info: Redefining \nocite on input line 332.
Package: cite 2015/02/27  v 5.5
)
(C:\Users\Pedro Manis\AppData\Local\Programs\MiKTeX\tex/latex/amsmath\amsmath.s
ty
Package: amsmath 2026/05/19 v2.18d AMS math features
\@mathmargin=\skip52

For additional information on amsmath, use the `?' option.

(C:\Users\Pedro Manis\AppData\Local\Programs\MiKTeX\tex/latex/amsmath\amstext.s
ty
Package: amstext 2024/11/17 v2.01 AMS text

(C:\Users\Pedro Manis\AppData\Local\Programs\MiKTeX\tex/latex/amsmath\amsgen.st
y
File: amsgen.sty 1999/11/30 v2.0 generic functions
\@emptytoks=\toks20
\ex@=\dimen174
))
(C:\Users\Pedro Manis\AppData\Local\Programs\MiKTeX\tex/latex/amsmath\amsbsy.st
y
Package: amsbsy 1999/11/29 v1.2d Bold Symbols
\pmbraise@=\dimen175
)
(C:\Users\Pedro Manis\AppData\Local\Programs\MiKTeX\tex/latex/amsmath\amsopn.st
y
Package: amsopn 2022/04/08 v2.04 operator names
)
\inf@bad=\count291
LaTeX Info: Redefining \frac on input line 233.
\uproot@=\count292
\leftroot@=\count293
LaTeX Info: Redefining \overline on input line 398.
LaTeX Info: Redefining \colon on input line 409.
\classnum@=\count294
\DOTSCASE@=\count295
LaTeX Info: Redefining \ldots on input line 495.
LaTeX Info: Redefining \dots on input line 498.
LaTeX Info: Redefining \cdots on input line 619.
\Mathstrutbox@=\box55
\strutbox@=\box56
LaTeX Info: Redefining \big on input line 721.
LaTeX Info: Redefining \Big on input line 722.
LaTeX Info: Redefining \bigg on input line 723.
LaTeX Info: Redefining \Bigg on input line 724.
\big@size=\dimen176
LaTeX Font Info:    Redeclaring font encoding OML on input line 742.
LaTeX Font Info:    Redeclaring font encoding OMS on input line 743.
\macc@depth=\count296
LaTeX Info: Redefining \bmod on input line 904.
LaTeX Info: Redefining \pmod on input line 909.
LaTeX Info: Redefining \smash on input line 939.
LaTeX Info: Redefining \relbar on input line 969.
LaTeX Info: Redefining \Relbar on input line 970.
\c@MaxMatrixCols=\count297
\dotsspace@=\muskip17
\c@parentequation=\count298
\dspbrk@lvl=\count299
\tag@help=\toks21
\row@=\count300
\column@=\count301
\maxfields@=\count302
\andhelp@=\toks22
\eqnshift@=\dimen177
\alignsep@=\dimen178
\tagshift@=\dimen179
\tagwidth@=\dimen180
\totwidth@=\dimen181
\lineht@=\dimen182
\@envbody=\toks23
\multlinegap=\skip53
\multlinetaggap=\skip54
\mathdisplay@stack=\toks24
LaTeX Info: Redefining \[ on input line 2965.
LaTeX Info: Redefining \] on input line 2966.
)
(C:\Users\Pedro Manis\AppData\Local\Programs\MiKTeX\tex/latex/amsfonts\amssymb.
sty
Package: amssymb 2013/01/14 v3.01 AMS font symbols

(C:\Users\Pedro Manis\AppData\Local\Programs\MiKTeX\tex/latex/amsfonts\amsfonts
.sty
Package: amsfonts 2013/01/14 v3.01 Basic AMSFonts support
\symAMSa=\mathgroup4
\symAMSb=\mathgroup5
LaTeX Font Info:    Redeclaring math symbol \hbar on input line 98.
LaTeX Font Info:    Overwriting math alphabet `\mathfrak' in version `bold'
(Font)                  U/euf/m/n --> U/euf/b/n on input line 106.
))
(C:\Users\Pedro Manis\AppData\Local\Programs\MiKTeX\tex/latex/algorithms\algori
thmic.sty
Package: algorithmic 2009/08/24 v0.1 Document Style `algorithmic'

(C:\Users\Pedro Manis\AppData\Local\Programs\MiKTeX\tex/latex/base\ifthen.sty
Package: ifthen 2024/03/16 v1.1e Standard LaTeX ifthen package (DPC)
)
(C:\Users\Pedro Manis\AppData\Local\Programs\MiKTeX\tex/latex/graphics\keyval.s
ty
Package: keyval 2026-05-17 v1.15 key=value parser (DPC)
\KV@toks@=\toks25
)
\c@ALC@unique=\count303
\c@ALC@line=\count304
\c@ALC@rem=\count305
\c@ALC@depth=\count306
\ALC@tlm=\skip55
\algorithmicindent=\skip56
)
(C:\Users\Pedro Manis\AppData\Local\Programs\MiKTeX\tex/latex/graphics\graphicx
.sty
Package: graphicx 2026-05-17 v1.2e Enhanced LaTeX Graphics (DPC,SPQR)

(C:\Users\Pedro Manis\AppData\Local\Programs\MiKTeX\tex/latex/graphics\graphics
.sty
Package: graphics 2026-05-17 v1.4h Standard LaTeX Graphics (DPC,SPQR)

(C:\Users\Pedro Manis\AppData\Local\Programs\MiKTeX\tex/latex/graphics\trig.sty
Package: trig 2023/12/02 v1.11 sin cos tan (DPC)
)
(C:\Users\Pedro Manis\AppData\Local\Programs\MiKTeX\tex/latex/graphics-cfg\grap
hics.cfg
File: graphics.cfg 2016/06/04 v1.11 sample graphics configuration
)
Package graphics Info: Driver file: pdftex.def on input line 106.

(C:\Users\Pedro Manis\AppData\Local\Programs\MiKTeX\tex/latex/graphics-def\pdft
ex.def
File: pdftex.def 2025/09/29 v1.2d Graphics/color driver for pdftex
))
\Gin@req@height=\dimen183
\Gin@req@width=\dimen184
)
(C:\Users\Pedro Manis\AppData\Local\Programs\MiKTeX\tex/latex/base\textcomp.sty
Package: textcomp 2024/04/24 v2.1b Standard LaTeX package
)
(C:\Users\Pedro Manis\AppData\Local\Programs\MiKTeX\tex/latex/xcolor\xcolor.sty
Package: xcolor 2024/09/29 v3.02 LaTeX color extensions (UK)

(C:\Users\Pedro Manis\AppData\Local\Programs\MiKTeX\tex/latex/graphics-cfg\colo
r.cfg
File: color.cfg 2016/01/02 v1.6 sample color configuration
)
Package xcolor Info: Driver file: pdftex.def on input line 274.

(C:\Users\Pedro Manis\AppData\Local\Programs\MiKTeX\tex/latex/graphics\mathcolo
r.ltx)
Package xcolor Info: Model `cmy' substituted by `cmy0' on input line 1349.
Package xcolor Info: Model `hsb' substituted by `rgb' on input line 1353.
Package xcolor Info: Model `RGB' extended on input line 1365.
Package xcolor Info: Model `HTML' substituted by `rgb' on input line 1367.
Package xcolor Info: Model `Hsb' substituted by `hsb' on input line 1368.
Package xcolor Info: Model `tHsb' substituted by `hsb' on input line 1369.
Package xcolor Info: Model `HSB' substituted by `hsb' on input line 1370.
Package xcolor Info: Model `Gray' substituted by `gray' on input line 1371.
Package xcolor Info: Model `wave' substituted by `hsb' on input line 1372.
)
(C:\Users\Pedro Manis\AppData\Local\Programs\MiKTeX\tex/latex/booktabs\booktabs
.sty
Package: booktabs 2020/01/12 v1.61803398 Publication quality tables
\heavyrulewidth=\dimen185
\lightrulewidth=\dimen186
\cmidrulewidth=\dimen187
\belowrulesep=\dimen188
\belowbottomsep=\dimen189
\aboverulesep=\dimen190
\abovetopsep=\dimen191
\cmidrulesep=\dimen192
\cmidrulekern=\dimen193
\defaultaddspace=\dimen194
\@cmidla=\count307
\@cmidlb=\count308
\@aboverulesep=\dimen195
\@belowrulesep=\dimen196
\@thisruleclass=\count309
\@lastruleclass=\count310
\@thisrulewidth=\dimen197
)
(C:\Users\Pedro Manis\AppData\Local\Programs\MiKTeX\tex/latex/tools\array.sty
Package: array 2026/02/24 v2.7b Tabular extension package (FMi)
\col@sep=\dimen198
\ar@mcellbox=\box57
\extrarowheight=\dimen199
\NC@list=\toks26
\extratabsurround=\skip57
\backup@length=\skip58
\ar@cellbox=\box58
)
(C:\Users\Pedro Manis\AppData\Local\Programs\MiKTeX\tex/latex/placeins\placeins
.sty
Package: placeins 2005/04/18  v 2.2
)
(C:\Users\Pedro Manis\AppData\Local\Programs\MiKTeX\tex/latex/float\float.sty
Package: float 2001/11/08 v1.3d Float enhancements (AL)
\c@float@type=\count311
\float@exts=\toks27
\float@box=\box59
\@float@everytoks=\toks28
\@floatcapt=\box60
)
(C:\Users\Pedro Manis\AppData\Local\Programs\MiKTeX\tex/latex/l3backend\l3backe
nd-pdftex.def
File: l3backend-pdftex.def 2026-02-18 L3 backend support: PDF output (pdfTeX)
\l__color_backend_stack_int=\count312
) (article.aux)
\openout1 = `article.aux'.

LaTeX Font Info:    Checking defaults for OML/cmm/m/it on input line 19.
LaTeX Font Info:    ... okay on input line 19.
LaTeX Font Info:    Checking defaults for OMS/cmsy/m/n on input line 19.
LaTeX Font Info:    ... okay on input line 19.
LaTeX Font Info:    Checking defaults for OT1/cmr/m/n on input line 19.
LaTeX Font Info:    ... okay on input line 19.
LaTeX Font Info:    Checking defaults for T1/cmr/m/n on input line 19.
LaTeX Font Info:    ... okay on input line 19.
LaTeX Font Info:    Checking defaults for TS1/cmr/m/n on input line 19.
LaTeX Font Info:    ... okay on input line 19.
LaTeX Font Info:    Checking defaults for OMX/cmex/m/n on input line 19.
LaTeX Font Info:    ... okay on input line 19.
LaTeX Font Info:    Checking defaults for U/cmr/m/n on input line 19.
LaTeX Font Info:    ... okay on input line 19.

-- Lines per column: 56 (exact).

(C:\Users\Pedro Manis\AppData\Local\Programs\MiKTeX\tex/context/base/mkii\supp-
pdf.mkii
[Loading MPS to PDF converter (version 2006.09.02).]
\scratchcounter=\count313
\scratchdimen=\dimen256
\scratchbox=\box61
\nofMPsegments=\count314
\nofMParguments=\count315
\everyMPshowfont=\toks29
\MPscratchCnt=\count316
\MPscratchDim=\dimen257
\MPnumerator=\count317
\makeMPintoPDFobject=\count318
\everyMPtoPDFconversion=\toks30
)
(C:\Users\Pedro Manis\AppData\Local\Programs\MiKTeX\tex/latex/epstopdf-pkg\epst
opdf-base.sty
Package: epstopdf-base 2020-01-24 v2.11 Base part for package epstopdf
Package epstopdf-base Info: Redefining graphics rule for `.eps' on input line 4
85.

(C:\Users\Pedro Manis\AppData\Local\Programs\MiKTeX\tex/latex/00miktex\epstopdf
-sys.cfg
File: epstopdf-sys.cfg 2021/03/18 v2.0 Configuration of epstopdf for MiKTeX
))
LaTeX Font Info:    Trying to load font information for U+msa on input line 58.


(C:\Users\Pedro Manis\AppData\Local\Programs\MiKTeX\tex/latex/amsfonts\umsa.fd
File: umsa.fd 2013/01/14 v3.01 AMS symbols A
)
LaTeX Font Info:    Trying to load font information for U+msb on input line 58.

(C:\Users\Pedro Manis\AppData\Local\Programs\MiKTeX\tex/latex/amsfonts\umsb.fd
File: umsb.fd 2013/01/14 v3.01 AMS symbols B
)
Underfull \vbox (badness 1616) has occurred while \output is active []

 [1{C:/Users/Pedro Manis/AppData/Local/MiKTeX/fonts/map/pdftex/pdftex.map}{C:/U
sers/Pedro Manis/AppData/Local/Programs/MiKTeX/fonts/enc/dvips/base/8r.enc}


]
Underfull \hbox (badness 7030) in paragraph at lines 113--114
[]\T1/ptm/m/n/10 To fore-cast ex-act load val-ues or avail-able power
 []

LaTeX Font Info:    Trying to load font information for T1+pcr on input line 13
0.
(C:\Users\Pedro Manis\AppData\Local\Programs\MiKTeX\tex/latex/psnfss\t1pcr.fd
File: t1pcr.fd 2001/06/04 font definitions for T1/pcr.
)
Underfull \hbox (badness 10000) in paragraph at lines 130--131
 \T1/ptm/m/it/10 1) Miss-ing Value Treat-ment: [][] \T1/ptm/m/n/10 Two columns 
with
 []


Underfull \hbox (badness 10000) in paragraph at lines 130--131
\T1/ptm/m/n/10 over 95% miss-ing val-ues (\T1/pcr/m/n/10 Pot_Geracao_kW \T1/ptm
/m/n/10 and
 []


Underfull \hbox (badness 10000) in paragraph at lines 130--131
\T1/pcr/m/n/10 Geracao_per_Cliente\T1/ptm/m/n/10 ) were dropped en-tirely.
 []


Underfull \hbox (badness 10000) in paragraph at lines 130--131
\T1/ptm/m/n/10 Rows where the uti-liza-tion field was la-belled
 []


Underfull \hbox (badness 4634) in paragraph at lines 130--131
\T1/ptm/m/n/10 ``N/D'' (un-de-ter-mined) were re-moved, along with any
 []


Underfull \hbox (badness 10000) in paragraph at lines 130--131
\T1/ptm/m/n/10 record miss-ing a valid \T1/pcr/m/n/10 PFolga_PTD\T1/ptm/m/n/10 
, \T1/pcr/m/n/10 D_PTD\T1/ptm/m/n/10 , or
 []


Underfull \hbox (badness 10000) in paragraph at lines 130--131
\T1/pcr/m/n/10 Util_Decimal \T1/ptm/m/n/10 value. For \T1/pcr/m/n/10 Pot_Contra
tada_kVA
 []


Underfull \hbox (badness 10000) in paragraph at lines 133--134
\T1/pcr/m/n/10 Construtivo \T1/ptm/m/n/10 was en-coded via One-Hot En-cod-ing
 []

[2]
Underfull \hbox (badness 4634) in paragraph at lines 136--137
 \T1/ptm/m/it/10 3) Fea-ture Se-lec-tion and Leak-age Pre-ven-tion: [][] \T1/pt
m/m/n/10 Ge-o-
 []


Underfull \hbox (badness 2253) in paragraph at lines 136--137
\T1/ptm/m/n/10 graphic iden-ti-fiers, co-or-di-nate columns, re-dun-dant count
 []


Underfull \hbox (badness 2213) in paragraph at lines 136--137
\T1/ptm/m/n/10 were re-moved. Three vari-ables were iden-ti-fied as data
 []

<../../../fig_utilizRede_distribuicao.png, id=14, 1144.7568pt x 355.0866pt>
File: ../../../fig_utilizRede_distribuicao.png Graphic file (type png)
<use ../../../fig_utilizRede_distribuicao.png>
Package pdftex.def Info: ../../../fig_utilizRede_distribuicao.png  used on inpu
t line 147.
(pdftex.def)             Requested size: 490.19843pt x 152.05032pt.

Underfull \hbox (badness 10000) in paragraph at lines 154--155
[]\T1/ptm/m/n/10 All re-gres-sion mod-els were eval-u-ated us-ing 10-
 []


Underfull \hbox (badness 10000) in paragraph at lines 154--155
\T1/ptm/m/n/10 fold cross-validation (\T1/pcr/m/n/10 KFold\T1/ptm/m/n/10 , \T1/
pcr/m/n/10 shuffle=True\T1/ptm/m/n/10 ,
 []


Underfull \hbox (badness 4108) in paragraph at lines 166--167
 \T1/ptm/m/it/10 3) De-ci-sion Tree Re-gres-sor: [][] \T1/ptm/m/n/10 An in-ner 
3-fold Grid-
 []


Underfull \hbox (badness 10000) in paragraph at lines 178--179
\T1/ptm/m/n/10 All con-fig-u-ra-tions used ReLU ac-ti-va-tion, the Adam
 []


Underfull \hbox (badness 10000) in paragraph at lines 178--179
\T1/ptm/m/n/10 op-ti-mizer, \T1/pcr/m/n/10 max_iter\T1/ptm/m/n/10 =200, and ear
ly stop-ping
 []


Overfull \hbox (5.73965pt too wide) in paragraph at lines 178--179
\T1/ptm/m/n/10 (\T1/pcr/m/n/10 n_iter_no_change\T1/ptm/m/n/10 =10, \T1/pcr/m/n/
10 validation_fraction\T1/ptm/m/n/10 =0.1).
 []

[3]
<../../../fig_comparacao_regressao.png, id=24, 994.917pt x 355.0866pt>
File: ../../../fig_comparacao_regressao.png Graphic file (type png)
<use ../../../fig_comparacao_regressao.png>
Package pdftex.def Info: ../../../fig_comparacao_regressao.png  used on input l
ine 238.
(pdftex.def)             Requested size: 490.19843pt x 174.95296pt.


LaTeX Warning: Reference `fig:lc_reg' on page 4 undefined on input line 244.

<../../../fig_learning_curves_reg.png, id=25, 1000.2168pt x 355.0866pt>
File: ../../../fig_learning_curves_reg.png Graphic file (type png)
<use ../../../fig_learning_curves_reg.png>
Package pdftex.def Info: ../../../fig_learning_curves_reg.png  used on input li
ne 248.
(pdftex.def)             Requested size: 474.71906pt x 168.53241pt.

LaTeX Warning: Reference `fig:stat_reg' on page 4 undefined on input line 254.

[4 <../../../fig_utilizRede_distribuicao.png>]
<../../../fig_stat_test_reg.png, id=34, 638.8668pt x 349.305pt>
File: ../../../fig_stat_test_reg.png Graphic file (type png)
<use ../../../fig_stat_test_reg.png>
Package pdftex.def Info: ../../../fig_stat_test_reg.png  used on input line 258
.
(pdftex.def)             Requested size: 231.83954pt x 126.75706pt.

Underfull \vbox (badness 10000) has occurred while \output is active []


Underfull \hbox (badness 1867) in paragraph at lines 289--290
[]\T1/ptm/m/n/10 The \T1/ptm/b/n/10 Neu-ral Net-work \T1/ptm/m/n/10 (Con-fig 3:
 256--128--64, $\OML/cmm/m/it/10 ^^Q \OT1/cmr/m/n/10 =
 []

[5 <../../../fig_comparacao_regressao.png> <../../../fig_learning_curves_reg.pn
g> <../../../fig_stat_test_reg.png>]

LaTeX Warning: Reference `fig:cm' on page 6 undefined on input line 293.

<../../../fig_confusion_matrices_cls.png, id=42, 864.3492pt x 780.0342pt>
File: ../../../fig_confusion_matrices_cls.png Graphic file (type png)
<use ../../../fig_confusion_matrices_cls.png>
Package pdftex.def Info: ../../../fig_confusion_matrices_cls.png  used on input
 line 297.
(pdftex.def)             Requested size: 474.71906pt x 428.40121pt.

Underfull \hbox (badness 1490) in paragraph at lines 303--304
\T1/ptm/m/n/10 im-por-tances re-veal a re-sult dis-tinct from the re-gres-sion
 []


Underfull \hbox (badness 2626) in paragraph at lines 303--304
\T1/ptm/m/n/10 task: \T1/pcr/m/n/10 Cap_per_Cliente \T1/ptm/m/n/10 (ca-pac-ity 
per client, imp =
 []


LaTeX Warning: Reference `fig:feat_imp' on page 6 undefined on input line 305.

<../../../fig_feature_importance_cls.png, id=43, 1145.2386pt x 496.7358pt>
File: ../../../fig_feature_importance_cls.png Graphic file (type png)
<use ../../../fig_feature_importance_cls.png>
Package pdftex.def Info: ../../../fig_feature_importance_cls.png  used on input
 line 309.
(pdftex.def)             Requested size: 474.71906pt x 205.90654pt.

LaTeX Warning: Reference `fig:lc_cls' on page 6 undefined on input line 315.


Underfull \vbox (badness 1303) has occurred while \output is active []

<../../../fig_learning_curves_cls.png, id=44, 1000.2168pt x 355.0866pt>
File: ../../../fig_learning_curves_cls.png Graphic file (type png)
<use ../../../fig_learning_curves_cls.png>
Package pdftex.def Info: ../../../fig_learning_curves_cls.png  used on input li
ne 319.
(pdftex.def)             Requested size: 474.71906pt x 168.53241pt.


LaTeX Warning: Reference `fig:stat_cls' on page 6 undefined on input line 324.

<../../../fig_stat_test_cls.png, id=45, 638.8668pt x 348.8232pt>
File: ../../../fig_stat_test_cls.png Graphic file (type png)
<use ../../../fig_stat_test_cls.png>
Package pdftex.def Info: ../../../fig_stat_test_cls.png  used on input line 328
.
(pdftex.def)             Requested size: 231.83954pt x 126.58221pt.

Underfull \hbox (badness 2401) in paragraph at lines 338--339
 \T1/ptm/m/it/10 a) Data Qual-ity and Cov-er-age: [][] \T1/ptm/m/n/10 The pre-p
ro-cess-ing
 []


Underfull \hbox (badness 1596) in paragraph at lines 341--342
 \T1/ptm/m/it/10 b) Tar-get Dis-cretiza-tion Arte-facts: [][] \T1/ptm/m/n/10 Tr
ans-form-ing the
 []

[6 <../../../fig_stat_test_cls.png>]
Underfull \hbox (badness 10000) in paragraph at lines 350--351
 \T1/ptm/m/it/10 e) Hy-per-pa-ram-e-ter Search Space: [][] \T1/ptm/m/n/10 Grid-
SearchCV
 []


Underfull \hbox (badness 2111) in paragraph at lines 350--351
\T1/ptm/m/n/10 for the De-ci-sion Tree ex-plored only \T1/pcr/m/n/10 max_depth 
\T1/ptm/m/n/10 and
 []


Underfull \hbox (badness 10000) in paragraph at lines 350--351
\T1/pcr/m/n/10 min_samples_leaf\T1/ptm/m/n/10 ; ad-di-tional pa-ram-e-ters such
 as
 []

[7 <../../../fig_confusion_matrices_cls.png>]
Underfull \hbox (badness 2781) in paragraph at lines 363--364
[]\T1/ptm/b/n/10 Bayesian hy-per-pa-ram-e-ter op-ti-miza-tion: \T1/ptm/m/n/10 R
e-plac-ing
 []


Underfull \vbox (badness 10000) has occurred while \output is active []


Underfull \hbox (badness 3029) in paragraph at lines 373--374
\T1/ptm/m/n/10 records across 308 Por-tuguese mu-nic-i-pal-i-ties, two ML
 []

[8 <../../../fig_feature_importance_cls.png> <../../../fig_learning_curves_cls.
png>]
Underfull \hbox (badness 4108) in paragraph at lines 399--400
[]\T1/ptm/m/n/8 ISEP, ``Tra-balho Prático -- Análise de Da-dos em In-for-mática
:
 []


Underfull \hbox (badness 10000) in paragraph at lines 455--456
[]\T1/ptm/m/n/8 ``Systematic Re-view of AI in Fault De-tec-tion,'' \T1/ptm/m/it
/8 IEEE
 []

[9]

** Conference Paper **
Before submitting the final camera ready copy, remember to:

 1. Manually equalize the lengths of two columns on the last page
 of your paper;

 2. Ensure that any PostScript and/or PDF output post-processing
 uses only Type 1 fonts and that every step in the generation
 process uses the appropriate paper size.

[10

] (article.aux)
 ***********
LaTeX2e <2026-06-01>
L3 programming layer <2026-05-26>
 ***********


LaTeX Warning: There were undefined references.


LaTeX Warning: Label(s) may have changed. Rerun to get cross-references right.

 ) 
Here is how much of TeX's memory you used:
 4949 strings out of 467508
 79785 string characters out of 5405807
 509622 words of memory out of 5000000
 34114 multiletter control sequences out of 15000+600000
 751187 words of font info for 168 fonts, out of 8000000 for 9000
 1141 hyphenation exceptions out of 8191
 57i,12n,65p,1197b,337s stack positions out of 10000i,1000n,20000p,200000b,200000s
<C:/Users/Pedro Manis/AppData/Local/Programs/MiKTeX/fonts/type1/public/amsfon
ts/cm/cmmi10.pfb><C:/Users/Pedro Manis/AppData/Local/Programs/MiKTeX/fonts/type
1/public/amsfonts/cm/cmmi8.pfb><C:/Users/Pedro Manis/AppData/Local/Programs/MiK
TeX/fonts/type1/public/amsfonts/cm/cmmi9.pfb><C:/Users/Pedro Manis/AppData/Loca
l/Programs/MiKTeX/fonts/type1/public/amsfonts/cm/cmr10.pfb><C:/Users/Pedro Mani
s/AppData/Local/Programs/MiKTeX/fonts/type1/public/amsfonts/cm/cmr6.pfb><C:/Use
rs/Pedro Manis/AppData/Local/Programs/MiKTeX/fonts/type1/public/amsfonts/cm/cmr
7.pfb><C:/Users/Pedro Manis/AppData/Local/Programs/MiKTeX/fonts/type1/public/am
sfonts/cm/cmr8.pfb><C:/Users/Pedro Manis/AppData/Local/Programs/MiKTeX/fonts/ty
pe1/public/amsfonts/cm/cmsy10.pfb><C:/Users/Pedro Manis/AppData/Local/Programs/
MiKTeX/fonts/type1/public/amsfonts/cm/cmsy6.pfb><C:/Users/Pedro Manis/AppData/L
ocal/Programs/MiKTeX/fonts/type1/public/amsfonts/cm/cmsy7.pfb><C:/Users/Pedro M
anis/AppData/Local/Programs/MiKTeX/fonts/type1/public/amsfonts/cm/cmsy8.pfb><C:
/Users/Pedro Manis/AppData/Local/Programs/MiKTeX/fonts/type1/public/amsfonts/cm
/cmsy9.pfb><C:/Users/Pedro Manis/AppData/Local/Programs/MiKTeX/fonts/type1/publ
ic/amsfonts/symbols/msbm10.pfb><C:/Users/Pedro Manis/AppData/Local/Programs/MiK
TeX/fonts/type1/urw/courier/ucrr8a.pfb><C:/Users/Pedro Manis/AppData/Local/Prog
rams/MiKTeX/fonts/type1/urw/times/utmb8a.pfb><C:/Users/Pedro Manis/AppData/Loca
l/Programs/MiKTeX/fonts/type1/urw/times/utmbi8a.pfb><C:/Users/Pedro Manis/AppDa
ta/Local/Programs/MiKTeX/fonts/type1/urw/times/utmr8a.pfb><C:/Users/Pedro Manis
/AppData/Local/Programs/MiKTeX/fonts/type1/urw/times/utmri8a.pfb>
Output written on article.pdf (10 pages, 1063295 bytes).
PDF statistics:
 143 PDF objects out of 1000 (max. 8388607)
 0 named destinations out of 1000 (max. 500000)
 41 words of extra memory for PDF output out of 10000 (max. 10000000)

